[Licensing::Module] Trying to connect to existing licensing client channel...
Built from '6000.6/staging' branch; Version is '6000.6.4f1 (12bfff696524) revision 1228799'; Using compiler version '194234433'; Build Type 'Release'
[Licensing::IpcConnector] Successfully connected to: "LicenseClient-CC" at "2026-10-03T07:27:51.1344795Z"
OS: 'Windows 11  (10.0.26200) CoreCountrySpecific' Language: 'zh' Physical Memory: 65399 MB
BatchMode: 1, IsHumanControllingUs: 0, StartBugReporterOnCrash: 0, Is64bit: 1
System  architecture: x64
Process architecture: x64
Date: 2026-10-03T07:27:51Z

COMMAND LINE ARGUMENTS:
C:\Program Files\Unity\Hub\Editor\6000.6.4f1\Editor\Unity.exe
-adb2
-batchMode
-noUpm
-name
AssetImportWorkerHW5
-projectPath
C:/Users/CC/Desktop/AGiftForD22/unity/D22Game
-logFile
Logs/AssetImportWorkerHW5.log
-srvPort
63578
-parentPid
77132
-analyticsCloudUserId
15669755323156
-analyticsLocalProjectId
3c72c65a16f0acb438eed22b8b16c24a
-editorAnalyticsEnabled
1
-cbmEditorLicense
bffbbf78fbc94ea90ca079f5b218c28d0faea010
-cbmMachineId
pJhf9jpNvpwYeKVr1JUiumA5MYw=
-licensingIpc
LicenseClient-CC
-noDiagnosticSwitchPersistentStore
-job-worker-count
7
-background-job-worker-count
8
-asset-garbage-collectors
1
-force-d3d12
-name
AssetImport
Successfully changed project path to: C:/Users/CC/Desktop/AGiftForD22/unity/D22Game
C:/Users/CC/Desktop/AGiftForD22/unity/D22Game
[UnityMemory] Configuration Parameters - Can be set up in boot.config
    "memorysetup-temp-allocator-size-gi-baking-worker=262144"
    "memorysetup-temp-allocator-size-gi-baking-worker=262144"
    "memorysetup-temp-allocator-size-gi-baking-worker=262144"
    "memorysetup-temp-allocator-size-gi-baking-worker=262144"
    "memorysetup-temp-allocator-size-gi-baking-worker=262144"
    "memorysetup-temp-allocator-size-nav-mesh-worker=65536"
    "memorysetup-temp-allocator-size-audio-worker=65536"
    "memorysetup-temp-allocator-size-cloud-worker=32768"
    "memorysetup-temp-allocator-size-gfx=262144"
    "memorysetup-remapper-allocator-initial-capacity=32768"
    "memorysetup-temp-allocator-size-preload-manager=33554432"
    "memorysetup-allocator-temp-initial-block-size-main=262144"
    "memorysetup-allocator-temp-initial-block-size-worker=262144"
    "memorysetup-temp-allocator-size-job-worker=262144"
    "memorysetup-temp-allocator-size-background-worker=32768"
    "memorysetup-bucket-allocator-granularity=16"
    "memorysetup-bucket-allocator-bucket-count=8"
    "memorysetup-bucket-allocator-block-size=33554432"
    "memorysetup-bucket-allocator-block-count=8"
    "memorysetup-main-allocator-block-size=16777216"
    "memorysetup-thread-allocator-block-size=16777216"
    "memorysetup-main-allocator-mimalloc-enabled=1"
    "memorysetup-gfx-main-allocator-block-size=16777216"
    "memorysetup-gfx-thread-allocator-block-size=16777216"
    "memorysetup-cache-allocator-block-size=4194304"
    "memorysetup-typetree-allocator-block-size=2097152"
    "memorysetup-profiler-bucket-allocator-granularity=16"
    "memorysetup-profiler-bucket-allocator-bucket-count=8"
    "memorysetup-profiler-bucket-allocator-block-size=33554432"
    "memorysetup-profiler-bucket-allocator-block-count=8"
    "memorysetup-profiler-allocator-block-size=16777216"
    "memorysetup-profiler-editor-allocator-block-size=1048576"
    "memorysetup-temp-allocator-size-main=16777216"
    "memorysetup-job-temp-allocator-block-size=2097152"
    "memorysetup-job-temp-allocator-block-size-background=1048576"
    "memorysetup-job-temp-allocator-reduction-small-platforms=262144"
Player connection [49020]  Target information:

Player connection [49020]  * "[IP] 192.168.182.163 [Port] 0 [Flags] 2 [Guid] 575742747 [EditorId] 575742747 [Version] 1048832 [Id] WindowsEditor(7,Coconut) [Debug] 1 [PackageName] WindowsEditor [ProjectName] Editor" 

Player connection [49020] Host joined multi-casting on [225.0.0.222:54997]...
Player connection [49020] Host joined alternative multi-casting on [225.0.0.222:34997]...
JobSystem: Creating JobQueue using job-worker-count value 7
Input System module state changed to: Initialized.
[Physics::Module] Initialized fallback backend.
[Physics::Module] Id: 0xdecafbad
Library Redirect Path: Library/
Initialising UDS system complete:
  - System type: Client
  - Resource namespace: 40d0e08b64928f6e3022a8125a7ebda4
  - Shared memory size: 1073741824
  - Command buffer id: 1052576
  - Command buffer size: 8192
  - Hashmap size: 4194304
  - Service connected: true
  - Service working directory: Library/DataStore/
[Physics::Module] Selected backend (deferred post-plugins).
[Physics::Module] Name: PhysX
[Physics::Module] Id: 0xf2b8ea05
[Physics::Module] SDK Version: 4.1.2
[Physics::Module] Integration Version: 1.0.0
[Physics::Module] Threading Mode: Multi-Threaded
Initialize engine version: 6000.6.4f1 (12bfff696524)
[EntityIdStore] init: VM path (explicit commit), pageSize=4096, blockCount=1048576, entitiesPerBlock=256, slots reserved=4294967296 bytes
[Subsystems] Discovering subsystems at path C:/Program Files/Unity/Hub/Editor/6000.6.4f1/Editor/Data/Resources/UnitySubsystems
[Subsystems] Discovering subsystems at path C:/Users/CC/Desktop/AGiftForD22/unity/D22Game/Assets
Forcing GfxDevice: Direct3D 12
GfxDevice: creating device client; kGfxThreadingModeNonThreaded
d3d12: failed to query info queue interface (0x80004002).
Direct3D:
    Version:         Direct3D 12 [level 12.2]
    Renderer:        NVIDIA GeForce RTX 3060 (ID=0x2503)
    Vendor:          NVIDIA
    VRAM:            12113 MB
    App VRAM Budget: 11345 MB
    Driver:          32.0.16.1060
Initialize mono
Mono path[0] = 'C:/Program Files/Unity/Hub/Editor/6000.6.4f1/Editor/Data/Managed'
Mono path[1] = 'C:/Program Files/Unity/Hub/Editor/6000.6.4f1/Editor/Data/BCLExtensions/runtime/netstandard2.1'
Mono path[2] = 'C:/Program Files/Unity/Hub/Editor/6000.6.4f1/Editor/Data/MonoBleedingEdge/lib/mono/unityjit-win32'
Mono config path = 'C:/Program Files/Unity/Hub/Editor/6000.6.4f1/Editor/Data/MonoBleedingEdge/etc'
Using monoOptions --debugger-agent=transport=dt_socket,embedding=1,server=y,suspend=n,address=127.0.0.1:56240
CodeReloadManager initialized
[Licensing::Client] Error: HandshakeResponse reported an error:
	ResponseCode: 505
	ResponseStatus: Unsupported protocol version '1.18.3'.
[Licensing::Module] Error: Failed to handshake to channel: "LicenseClient-CC"
[Licensing::IpcConnector] LicenseClient-CC channel disconnected successfully.
[Licensing::IpcConnector] Successfully connected to: "LicenseClient-CC-6000.6.4" at "2026-10-03T07:27:52.0523638Z"
[Licensing::Client] Code 10 while verifying Licensing Client signature (process Id: 43508, path: "C:/Program Files/Unity/Hub/Editor/6000.6.4f1/Editor/Data/Resources/Licensing/Client/Unity.Licensing.Client.exe")
[Licensing::Module] LicensingClient has failed validation; ignoring
[Licensing::Client] Handshaking with LicensingClient:
  Version:                 1.18.3+d7ffd15
  Session Id:              ffd98265e92141a0a05a92377d66377c
  Correlation Id:          13fa28446aa8127b08ee174b900f42cb
  External correlation Id: 1760241457383257950
  Machine Id:              pJhf9jpNvpwYeKVr1JUiumA5MYw=
[Licensing::Module] Successfully connected to LicensingClient on channel: "LicenseClient-CC-6000.6.4" (connect: 0.00s, validation: 0.00s, handshake: 0.01s)
[Licensing::IpcConnector] Successfully connected to: "LicenseClient-CC-6000.6.4-notifications" at "2026-10-03T07:27:52.0602836Z"
[Licensing::Module] Licensing Background thread has ended after 0.93s
Begin MonoManager ReloadAssembly
Registering precompiled unity dll's ...
Register platform support module: C:/Program Files/Unity/Hub/Editor/6000.6.4f1/Editor/Data/PlaybackEngines/WindowsStandaloneSupport/UnityEditor.WindowsStandalone.Extensions.dll
Registered in 0.001373 seconds.
Native extension for WindowsStandalone target not found
Package Manager log level set to [2]
[Package Manager] Failed to launch server process. Reason: Unity was launched with the -noUpm command-line argument
[Package Manager] Unable to send message (not connected to server process).
[Package Manager] Cannot connect to Unity Package Manager local server
ScheduleIndexationOnStartup MainProcess:False IndexOnStartup:True
Scripting: successfully reloaded assembly
- Finished resetting the current domain, in  0.492 seconds
Domain Reload Profiling: 1048ms
	BeginReloadAssembly (134ms)
	RebuildCommonClasses (6ms)
	RebuildNativeTypeToScriptingClass (17ms)
	initialDomainReloadingComplete (71ms)
	LoadAllAssembliesAndSetupDomain (327ms)
		LoadAssemblies (130ms)
		TypeCache.Refresh (222ms)
			TypeCache.ScanAssembly (208ms)
		AnalyzeDomain (2ms)
	FinalizeReload (493ms)
		SetupLoadedEditorAssemblies (0ms)
			BeforeProcessingInitializeOnLoad (115ms)
			ProcessInitializeOnLoadAttributes (101ms)
			ProcessInitializeOnLoadMethodAttributes (182ms)
Initializing Unity extensions:
[Licensing::Client] Successfully resolved entitlement details
[Licensing::Module] License group:
  Id: 15669755936780-coconut-island-studio-UnitXXXX
  Product: Tuanjie Pro Bundle
  Type: Assigned
  Expiration: 2027-08-26T00:00:00Z
========================================================================
Worker process is ready to serve import requests
Import Worker Mode flag is 0x00
Begin MonoManager ReloadAssembly
Symbol file LoadedFromMemory is not a mono symbol file
'Packages/com.unity.render-pipelines.core/Editor/Deprecated.cs' contains partial class of Unity.Object, exactly 1 of the partial classes needs to be in a file with the same filename. This is to know the one that can be referenced from ie. GameObjects
'Packages/com.unity.render-pipelines.core/Editor/Deprecated.cs' contains partial class of Unity.Object, exactly 1 of the partial classes needs to be in a file with the same filename. This is to know the one that can be referenced from ie. GameObjects
Native extension for WindowsStandalone target not found
[Package Manager] Failed to launch server process. Reason: Unity was launched with the -noUpm command-line argument
[Package Manager] Unable to send message (not connected to server process).
[Package Manager] Cannot connect to Unity Package Manager local server
[Package Manager] Failed to launch server process. Reason: Unity was launched with the -noUpm command-line argument
[Package Manager] Unable to send message (not connected to server process).
[Package Manager] Cannot connect to Unity Package Manager local server
ScheduleIndexationOnStartup MainProcess:False IndexOnStartup:True
Scripting: successfully reloaded assembly
- Finished resetting the current domain, in  0.779 seconds
Domain Reload Profiling: 1639ms
	BeginReloadAssembly (228ms)
		DisableScriptedObjects (10ms)
		CreateAndSetChildDomain (40ms)
	RebuildCommonClasses (11ms)
	RebuildNativeTypeToScriptingClass (17ms)
	initialDomainReloadingComplete (54ms)
	LoadAllAssembliesAndSetupDomain (549ms)
		LoadAssemblies (328ms)
		TypeCache.Refresh (106ms)
			TypeCache.ScanAssembly (93ms)
		AnalyzeDomain (49ms)
			BuildScriptInfoCaches (43ms)
			ResolveRequiredComponents (4ms)
	FinalizeReload (780ms)
		SetupLoadedEditorAssemblies (0ms)
			BeforeProcessingInitializeOnLoad (120ms)
			ProcessInitializeOnLoadAttributes (275ms)
			ProcessInitializeOnLoadMethodAttributes (104ms)
			AfterProcessingInitializeOnLoad (7ms)
		AwakeInstancesAfterBackupRestoration (8ms)
AcceleratorClientConnectionCallback - disconnected - :0
Launched and connected shader compiler UnityShaderCompiler.exe after 0.01 seconds
Unloading 25 Unused Serialized files (Serialized files now loaded: 0)
Unloading 4387 unused Assets / (7.3 MB). Loaded Objects now: 5331.
Memory consumption went from 302.3 MB to 295.0 MB.
Total: 9.383700 ms (FindLiveObjects: 0.669800 ms CreateObjectMapping: 0.320300 ms MarkObjects: 6.258100 ms  DeleteObjects: 1.938500 ms)

========================================================================
Received Prepare
AcceleratorClientConnectionCallback - disconnected - :0
Unloading 25 Unused Serialized files (Serialized files now loaded: 0)
Unloading 25 unused Assets / (3.7 MB). Loaded Objects now: 5331.
Memory consumption went from 297.6 MB to 293.9 MB.
Total: 7.555800 ms (FindLiveObjects: 0.598400 ms CreateObjectMapping: 0.178100 ms MarkObjects: 5.878500 ms  DeleteObjects: 0.719500 ms)

Prepare: number of updated asset objects reloaded= 0
========================================================================
Received Prepare
AcceleratorClientConnectionCallback - disconnected - :0
'Packages/com.unity.render-pipelines.core/Editor/Deprecated.cs' contains partial class of Unity.Object, exactly 1 of the partial classes needs to be in a file with the same filename. This is to know the one that can be referenced from ie. GameObjects
'Packages/com.unity.render-pipelines.core/Editor/Deprecated.cs' contains partial class of Unity.Object, exactly 1 of the partial classes needs to be in a file with the same filename. This is to know the one that can be referenced from ie. GameObjects
Unloading 25 Unused Serialized files (Serialized files now loaded: 0)
Unloading 4386 unused Assets / (5.8 MB). Loaded Objects now: 5333.
Memory consumption went from 302.5 MB to 296.8 MB.
Total: 8.378100 ms (FindLiveObjects: 0.694700 ms CreateObjectMapping: 0.141200 ms MarkObjects: 6.018300 ms  DeleteObjects: 1.323700 ms)

Prepare: number of updated asset objects reloaded= 0
========================================================================
Received Import Request.
  Time of request: 2026-10-03T07:52:25.7193901Z
  Time since last request: 1316785.9431445999071 seconds.
  importAddress: GUID: 325642a7bdd8343f3a7838f0d67edf60 - Path: Assets/D22/Scripts/Runtime/D22GameUI.cs - Importer: ScriptedImporter/UnityEditor.QuickSearchModule:UnityEditor.Search:ASIAI0B
Importing 'GUID: 325642a7bdd8343f3a7838f0d67edf60 - Path: Assets/D22/Scripts/Runtime/D22GameUI.cs - Importer: ScriptedImporter/UnityEditor.QuickSearchModule:UnityEditor.Search:ASIAI0B' with importer (ScriptedImporter : UnityEditor.QuickSearchModule:UnityEditor.Search:ASIAI0B)
Imported 'GUID: 325642a7bdd8343f3a7838f0d67edf60' -> (Import Result ID: 'd4da8b7b33bf45877fc7626be7cc443e') in 0.116 seconds [static and dynamic dependencies]. Details - ImportResultOutputID=a4bb9a17873058954fd025f3b59f800d DependenciesID=de02a38cc85924c8b3c3e1c40730059d StaticDependenciesID=eb3e40b5676a812acdd9224fad2048dd 
Number of updated asset objects reloaded before import = 0
Number of asset objects unloaded after import = 0
========================================================================
Received Import Request.
  Time of request: 2026-10-03T07:52:25.8500294Z
  Time since last request: 0.0002655 seconds.
  importAddress: GUID: 6a91c4e8d2b74f1aa0e35c78b194d2e7 - Path: Assets/D22/Scripts/Runtime/D22WorldMark.cs - Importer: ScriptedImporter/UnityEditor.QuickSearchModule:UnityEditor.Search:ASIAI0B
Importing 'GUID: 6a91c4e8d2b74f1aa0e35c78b194d2e7 - Path: Assets/D22/Scripts/Runtime/D22WorldMark.cs - Importer: ScriptedImporter/UnityEditor.QuickSearchModule:UnityEditor.Search:ASIAI0B' with importer (ScriptedImporter : UnityEditor.QuickSearchModule:UnityEditor.Search:ASIAI0B)
Imported 'GUID: 6a91c4e8d2b74f1aa0e35c78b194d2e7' -> (Import Result ID: '46ac02108af8628d44f501238c62c38e') in 0.006 seconds [static and dynamic dependencies]. Details - ImportResultOutputID=8f4c01d0fff7b0b7bac2a7ee010692c4 DependenciesID=4504dcfd15ca86ab95a7b1d9136c554e StaticDependenciesID=a8532537a4b70916018ce019c1d8d0c6 
Number of updated asset objects reloaded before import = 0
Number of asset objects unloaded after import = 0
========================================================================
Received Import Request.
  Time of request: 2026-10-03T07:52:25.8718724Z
  Time since last request: 0.0004233 seconds.
  importAddress: GUID: 1f8c0b47e6a54c9d9e2a7b4c5d6e8f01 - Path: Assets/D22/Scripts/Runtime/D22Hunt.cs - Importer: ScriptedImporter/UnityEditor.QuickSearchModule:UnityEditor.Search:ASIAI0B
Importing 'GUID: 1f8c0b47e6a54c9d9e2a7b4c5d6e8f01 - Path: Assets/D22/Scripts/Runtime/D22Hunt.cs - Importer: ScriptedImporter/UnityEditor.QuickSearchModule:UnityEditor.Search:ASIAI0B' with importer (ScriptedImporter : UnityEditor.QuickSearchModule:UnityEditor.Search:ASIAI0B)
Imported 'GUID: 1f8c0b47e6a54c9d9e2a7b4c5d6e8f01' -> (Import Result ID: '812b038e524b8928fa773b2531927db0') in 0.004 seconds [static and dynamic dependencies]. Details - ImportResultOutputID=461a4fbc95abd669b847484dde515a08 DependenciesID=8504f16de620fc270a9c746b661c2c85 StaticDependenciesID=a187adbccb21aba17b0334dfcf3b34af 
Number of updated asset objects reloaded before import = 0
Number of asset objects unloaded after import = 0
========================================================================
Received Import Request.
  Time of request: 2026-10-03T07:52:25.8886487Z
  Time since last request: 0.00045 seconds.
  importAddress: GUID: a4ff78f8501534b37b68b746c630542c - Path: Assets/D22/Scripts/Runtime/D22Story.cs - Importer: ScriptedImporter/UnityEditor.QuickSearchModule:UnityEditor.Search:ASIAI0B
Importing 'GUID: a4ff78f8501534b37b68b746c630542c - Path: Assets/D22/Scripts/Runtime/D22Story.cs - Importer: ScriptedImporter/UnityEditor.QuickSearchModule:UnityEditor.Search:ASIAI0B' with importer (ScriptedImporter : UnityEditor.QuickSearchModule:UnityEditor.Search:ASIAI0B)
Imported 'GUID: a4ff78f8501534b37b68b746c630542c' -> (Import Result ID: 'fcc81f66b34c7978bfab6ae84578728c') in 0.004 seconds [static and dynamic dependencies]. Details - ImportResultOutputID=dcc272a2cec42113ea3e0fddc022fd42 DependenciesID=2b8ea5db41cae30bcea3516aaf02dc9a StaticDependenciesID=7ec5def86adaeb640f350fc1ea9b817c 
Number of updated asset objects reloaded before import = 0
Number of asset objects unloaded after import = 0
========================================================================
Received Prepare
AcceleratorClientConnectionCallback - disconnected - :0
[Licensing::Client] Successfully resolved entitlement details
Begin MonoManager ReloadAssembly
Symbol file LoadedFromMemory is not a mono symbol file
'Packages/com.unity.render-pipelines.core/Editor/Deprecated.cs' contains partial class of Unity.Object, exactly 1 of the partial classes needs to be in a file with the same filename. This is to know the one that can be referenced from ie. GameObjects
'Packages/com.unity.render-pipelines.core/Editor/Deprecated.cs' contains partial class of Unity.Object, exactly 1 of the partial classes needs to be in a file with the same filename. This is to know the one that can be referenced from ie. GameObjects
Native extension for WindowsStandalone target not found
[Package Manager] Failed to launch server process. Reason: Unity was launched with the -noUpm command-line argument
[Package Manager] Unable to send message (not connected to server process).
[Package Manager] Cannot connect to Unity Package Manager local server
[Package Manager] Failed to launch server process. Reason: Unity was launched with the -noUpm command-line argument
[Package Manager] Unable to send message (not connected to server process).
[Package Manager] Cannot connect to Unity Package Manager local server
ScheduleIndexationOnStartup MainProcess:False IndexOnStartup:True
Scripting: successfully reloaded assembly
- Finished resetting the current domain, in  0.896 seconds
Domain Reload Profiling: 1877ms
	BeginReloadAssembly (302ms)
		DisableScriptedObjects (14ms)
		CreateAndSetChildDomain (60ms)
	RebuildCommonClasses (10ms)
	RebuildNativeTypeToScriptingClass (18ms)
	initialDomainReloadingComplete (67ms)
	LoadAllAssembliesAndSetupDomain (584ms)
		LoadAssemblies (398ms)
		TypeCache.Refresh (13ms)
		AnalyzeDomain (111ms)
			BuildScriptInfoCaches (105ms)
			ResolveRequiredComponents (4ms)
	FinalizeReload (897ms)
		SetupLoadedEditorAssemblies (0ms)
			BeforeProcessingInitializeOnLoad (126ms)
			ProcessInitializeOnLoadAttributes (298ms)
			ProcessInitializeOnLoadMethodAttributes (110ms)
			AfterProcessingInitializeOnLoad (8ms)
		AwakeInstancesAfterBackupRestoration (21ms)
Unloading 25 Unused Serialized files (Serialized files now loaded: 0)
Unloading 4387 unused Assets / (5.8 MB). Loaded Objects now: 5386.
Memory consumption went from 318.5 MB to 312.8 MB.
Total: 9.108600 ms (FindLiveObjects: 0.703800 ms CreateObjectMapping: 0.386100 ms MarkObjects: 6.210100 ms  DeleteObjects: 1.623700 ms)

Prepare: number of updated asset objects reloaded= 0
Editor requested this worker to shutdown with reason: Scaling down because of idle timeout
AcceleratorClientConnectionCallback - disconnected - :0
AssetImportWorker is now disconnected from the server
Process exiting
Curl error 42: Callback aborted
[ExitDontLaunchBugReporter] Exiting without the bug reporter. Application will exit with return code 0
