[Licensing::Module] Trying to connect to existing licensing client channel...
[Licensing::IpcConnector] Successfully connected to: "LicenseClient-CC" at "2026-10-03T08:44:19.7828139Z"
Built from '6000.6/staging' branch; Version is '6000.6.4f1 (12bfff696524) revision 1228799'; Using compiler version '194234433'; Build Type 'Release'
OS: 'Windows 11  (10.0.26200) CoreCountrySpecific' Language: 'zh' Physical Memory: 65399 MB
BatchMode: 1, IsHumanControllingUs: 0, StartBugReporterOnCrash: 0, Is64bit: 1
System  architecture: x64
Process architecture: x64
Date: 2026-10-03T08:44:19Z

COMMAND LINE ARGUMENTS:
C:\Program Files\Unity\Hub\Editor\6000.6.4f1\Editor\Unity.exe
-adb2
-batchMode
-noUpm
-name
AssetImportWorkerHW0
-projectPath
C:/Users/CC/Desktop/AGiftForD22/unity/D22Game
-logFile
Logs/AssetImportWorkerHW0.log
-srvPort
52646
-parentPid
72808
-analyticsCloudUserId
anonymous
-analyticsLocalProjectId
3c72c65a16f0acb438eed22b8b16c24a
-editorAnalyticsEnabled
1
-cbmEditorLicense
bffbbf78fbc94ea90ca079f5b218c28d0faea010
-cbmMachineId
pJhf9jpNvpwYeKVr1JUiumA5MYw=
-licensingIpc
LicenseClient-CC
-noDiagnosticSwitchPersistentStore
-job-worker-count
7
-background-job-worker-count
8
-asset-garbage-collectors
1
-force-d3d12
-name
AssetImport
Successfully changed project path to: C:/Users/CC/Desktop/AGiftForD22/unity/D22Game
C:/Users/CC/Desktop/AGiftForD22/unity/D22Game
[UnityMemory] Configuration Parameters - Can be set up in boot.config
    "memorysetup-temp-allocator-size-gi-baking-worker=262144"
    "memorysetup-temp-allocator-size-gi-baking-worker=262144"
    "memorysetup-temp-allocator-size-gi-baking-worker=262144"
    "memorysetup-temp-allocator-size-gi-baking-worker=262144"
    "memorysetup-temp-allocator-size-gi-baking-worker=262144"
    "memorysetup-temp-allocator-size-nav-mesh-worker=65536"
    "memorysetup-temp-allocator-size-audio-worker=65536"
    "memorysetup-temp-allocator-size-cloud-worker=32768"
    "memorysetup-temp-allocator-size-gfx=262144"
    "memorysetup-remapper-allocator-initial-capacity=32768"
    "memorysetup-temp-allocator-size-preload-manager=33554432"
    "memorysetup-allocator-temp-initial-block-size-main=262144"
    "memorysetup-allocator-temp-initial-block-size-worker=262144"
    "memorysetup-temp-allocator-size-job-worker=262144"
    "memorysetup-temp-allocator-size-background-worker=32768"
    "memorysetup-bucket-allocator-granularity=16"
    "memorysetup-bucket-allocator-bucket-count=8"
    "memorysetup-bucket-allocator-block-size=33554432"
    "memorysetup-bucket-allocator-block-count=8"
    "memorysetup-main-allocator-block-size=16777216"
    "memorysetup-thread-allocator-block-size=16777216"
    "memorysetup-main-allocator-mimalloc-enabled=1"
    "memorysetup-gfx-main-allocator-block-size=16777216"
    "memorysetup-gfx-thread-allocator-block-size=16777216"
    "memorysetup-cache-allocator-block-size=4194304"
    "memorysetup-typetree-allocator-block-size=2097152"
    "memorysetup-profiler-bucket-allocator-granularity=16"
    "memorysetup-profiler-bucket-allocator-bucket-count=8"
    "memorysetup-profiler-bucket-allocator-block-size=33554432"
    "memorysetup-profiler-bucket-allocator-block-count=8"
    "memorysetup-profiler-allocator-block-size=16777216"
    "memorysetup-profiler-editor-allocator-block-size=1048576"
    "memorysetup-temp-allocator-size-main=16777216"
    "memorysetup-job-temp-allocator-block-size=2097152"
    "memorysetup-job-temp-allocator-block-size-background=1048576"
    "memorysetup-job-temp-allocator-reduction-small-platforms=262144"
Player connection [66776]  Target information:

Player connection [66776]  * "[IP] 192.168.182.163 [Port] 0 [Flags] 2 [Guid] 922349923 [EditorId] 922349923 [Version] 1048832 [Id] WindowsEditor(7,Coconut) [Debug] 1 [PackageName] WindowsEditor [ProjectName] Editor" 

Player connection [66776] Host joined multi-casting on [225.0.0.222:54997]...
Player connection [66776] Host joined alternative multi-casting on [225.0.0.222:34997]...
JobSystem: Creating JobQueue using job-worker-count value 7
Input System module state changed to: Initialized.
[Physics::Module] Initialized fallback backend.
[Physics::Module] Id: 0xdecafbad
Library Redirect Path: Library/
Initialising UDS system complete:
  - System type: Client
  - Resource namespace: 40d0e08b64928f6e3022a8125a7ebda4
  - Shared memory size: 1073741824
  - Command buffer id: 1052576
  - Command buffer size: 8192
  - Hashmap size: 4194304
  - Service connected: true
  - Service working directory: Library/DataStore/
[Physics::Module] Selected backend (deferred post-plugins).
[Physics::Module] Name: PhysX
[Physics::Module] Id: 0xf2b8ea05
[Physics::Module] SDK Version: 4.1.2
[Physics::Module] Integration Version: 1.0.0
[Physics::Module] Threading Mode: Multi-Threaded
Initialize engine version: 6000.6.4f1 (12bfff696524)
[EntityIdStore] init: VM path (explicit commit), pageSize=4096, blockCount=1048576, entitiesPerBlock=256, slots reserved=4294967296 bytes
[Subsystems] Discovering subsystems at path C:/Program Files/Unity/Hub/Editor/6000.6.4f1/Editor/Data/Resources/UnitySubsystems
[Subsystems] Discovering subsystems at path C:/Users/CC/Desktop/AGiftForD22/unity/D22Game/Assets
Forcing GfxDevice: Direct3D 12
GfxDevice: creating device client; kGfxThreadingModeNonThreaded
d3d12: failed to query info queue interface (0x80004002).
Direct3D:
    Version:         Direct3D 12 [level 12.2]
    Renderer:        NVIDIA GeForce RTX 3060 (ID=0x2503)
    Vendor:          NVIDIA
    VRAM:            12113 MB
    App VRAM Budget: 11345 MB
    Driver:          32.0.16.1060
Initialize mono
Mono path[0] = 'C:/Program Files/Unity/Hub/Editor/6000.6.4f1/Editor/Data/Managed'
Mono path[1] = 'C:/Program Files/Unity/Hub/Editor/6000.6.4f1/Editor/Data/BCLExtensions/runtime/netstandard2.1'
Mono path[2] = 'C:/Program Files/Unity/Hub/Editor/6000.6.4f1/Editor/Data/MonoBleedingEdge/lib/mono/unityjit-win32'
Mono config path = 'C:/Program Files/Unity/Hub/Editor/6000.6.4f1/Editor/Data/MonoBleedingEdge/etc'
Using monoOptions --debugger-agent=transport=dt_socket,embedding=1,server=y,suspend=n,address=127.0.0.1:56584
CodeReloadManager initialized
Begin MonoManager ReloadAssembly
[Licensing::Client] Error: HandshakeResponse reported an error:
	ResponseCode: 505
	ResponseStatus: Unsupported protocol version '1.18.3'.
[Licensing::Module] Error: Failed to handshake to channel: "LicenseClient-CC"
[Licensing::IpcConnector] LicenseClient-CC channel disconnected successfully.
[Licensing::IpcConnector] Successfully connected to: "LicenseClient-CC-6000.6.4" at "2026-10-03T08:44:20.9645598Z"
[Licensing::Client] Code 10 while verifying Licensing Client signature (process Id: 65916, path: "C:/Program Files/Unity/Hub/Editor/6000.6.4f1/Editor/Data/Resources/Licensing/Client/Unity.Licensing.Client.exe")
[Licensing::Module] LicensingClient has failed validation; ignoring
[Licensing::Client] Handshaking with LicensingClient:
  Version:                 1.18.3+d7ffd15
  Session Id:              ff908a9568424978a0a72c271581a53d
  Correlation Id:          24783a38391a4571cf4685d9a846637a
  External correlation Id: 5120320603940320431
  Machine Id:              pJhf9jpNvpwYeKVr1JUiumA5MYw=
[Licensing::Module] Successfully connected to LicensingClient on channel: "LicenseClient-CC-6000.6.4" (connect: 0.00s, validation: 0.00s, handshake: 0.01s)
[Licensing::IpcConnector] Successfully connected to: "LicenseClient-CC-6000.6.4-notifications" at "2026-10-03T08:44:20.9737198Z"
[Licensing::Module] Licensing Background thread has ended after 1.19s
Registering precompiled unity dll's ...
Register platform support module: C:/Program Files/Unity/Hub/Editor/6000.6.4f1/Editor/Data/PlaybackEngines/WindowsStandaloneSupport/UnityEditor.WindowsStandalone.Extensions.dll
Registered in 0.002914 seconds.
Native extension for WindowsStandalone target not found
Package Manager log level set to [2]
[Package Manager] Failed to launch server process. Reason: Unity was launched with the -noUpm command-line argument
[Package Manager] Unable to send message (not connected to server process).
[Package Manager] Cannot connect to Unity Package Manager local server
ScheduleIndexationOnStartup MainProcess:False IndexOnStartup:True
Scripting: successfully reloaded assembly
- Finished resetting the current domain, in  0.712 seconds
Domain Reload Profiling: 1632ms
	BeginReloadAssembly (272ms)
	RebuildCommonClasses (7ms)
	RebuildNativeTypeToScriptingClass (19ms)
	initialDomainReloadingComplete (93ms)
	LoadAllAssembliesAndSetupDomain (527ms)
		LoadAssemblies (266ms)
		TypeCache.Refresh (350ms)
			TypeCache.ScanAssembly (327ms)
		AnalyzeDomain (3ms)
	FinalizeReload (714ms)
		SetupLoadedEditorAssemblies (0ms)
			LogAssemblyErrors (4ms)
			BeforeProcessingInitializeOnLoad (172ms)
			ProcessInitializeOnLoadAttributes (156ms)
			ProcessInitializeOnLoadMethodAttributes (264ms)
Initializing Unity extensions:
[Licensing::Client] Successfully resolved entitlement details
[Licensing::Module] License group:
  Id: 15669755936780-coconut-island-studio-UnitXXXX
  Product: Tuanjie Pro Bundle
  Type: Assigned
  Expiration: 2027-08-26T00:00:00Z
========================================================================
Worker process is ready to serve import requests
Import Worker Mode flag is 0x00
Begin MonoManager ReloadAssembly
Symbol file LoadedFromMemory is not a mono symbol file
'Packages/com.unity.render-pipelines.core/Editor/Deprecated.cs' contains partial class of Unity.Object, exactly 1 of the partial classes needs to be in a file with the same filename. This is to know the one that can be referenced from ie. GameObjects
'Packages/com.unity.render-pipelines.core/Editor/Deprecated.cs' contains partial class of Unity.Object, exactly 1 of the partial classes needs to be in a file with the same filename. This is to know the one that can be referenced from ie. GameObjects
Native extension for WindowsStandalone target not found
[Package Manager] Failed to launch server process. Reason: Unity was launched with the -noUpm command-line argument
[Package Manager] Unable to send message (not connected to server process).
[Package Manager] Cannot connect to Unity Package Manager local server
[Package Manager] Failed to launch server process. Reason: Unity was launched with the -noUpm command-line argument
[Package Manager] Unable to send message (not connected to server process).
[Package Manager] Cannot connect to Unity Package Manager local server
ScheduleIndexationOnStartup MainProcess:False IndexOnStartup:True
Scripting: successfully reloaded assembly
- Finished resetting the current domain, in  0.835 seconds
Domain Reload Profiling: 1916ms
	BeginReloadAssembly (309ms)
		DisableScriptedObjects (11ms)
		CreateAndSetChildDomain (44ms)
	RebuildCommonClasses (13ms)
	RebuildNativeTypeToScriptingClass (25ms)
	initialDomainReloadingComplete (74ms)
	LoadAllAssembliesAndSetupDomain (660ms)
		LoadAssemblies (439ms)
		TypeCache.Refresh (124ms)
			TypeCache.ScanAssembly (110ms)
		AnalyzeDomain (55ms)
			BuildScriptInfoCaches (49ms)
			ResolveRequiredComponents (4ms)
	FinalizeReload (836ms)
		SetupLoadedEditorAssemblies (0ms)
			LogAssemblyErrors (3ms)
			BeforeProcessingInitializeOnLoad (132ms)
			ProcessInitializeOnLoadAttributes (285ms)
			ProcessInitializeOnLoadMethodAttributes (109ms)
			AfterProcessingInitializeOnLoad (7ms)
		AwakeInstancesAfterBackupRestoration (9ms)
AcceleratorClientConnectionCallback - disconnected - :0
Launched and connected shader compiler UnityShaderCompiler.exe after 0.01 seconds
Unloading 25 Unused Serialized files (Serialized files now loaded: 0)
Unloading 4389 unused Assets / (7.0 MB). Loaded Objects now: 5333.
Memory consumption went from 302.7 MB to 295.6 MB.
Total: 8.437700 ms (FindLiveObjects: 0.368400 ms CreateObjectMapping: 0.251500 ms MarkObjects: 6.006700 ms  DeleteObjects: 1.622400 ms)

========================================================================
Received Import Request.
  Time of request: 2026-10-03T08:44:26.776643Z
  Time since last request: 1319907.00039800000377 seconds.
  importAddress: GUID: e6b6b6813e2df4b8a807acf3a4b508fb - Path: Assets/D22/Story/story.json - Importer: ScriptedImporter/UnityEditor.QuickSearchModule:UnityEditor.Search:ASIAI0B
Importing 'GUID: e6b6b6813e2df4b8a807acf3a4b508fb - Path: Assets/D22/Story/story.json - Importer: ScriptedImporter/UnityEditor.QuickSearchModule:UnityEditor.Search:ASIAI0B' with importer (ScriptedImporter : UnityEditor.QuickSearchModule:UnityEditor.Search:ASIAI0B)
Imported 'GUID: e6b6b6813e2df4b8a807acf3a4b508fb' -> (Import Result ID: 'b4671d95f8e970e2d9feaa39a3ed27a0') in 0.072 seconds [static and dynamic dependencies]. Details - ImportResultOutputID=7d6cca359dd7d8a60bff028c892c8870 DependenciesID=6b28955068cee343a5bd9a0143bac0ab StaticDependenciesID=b905ce729cec08e69438363460c4d99f 
Number of updated asset objects reloaded before import = 0
Number of asset objects unloaded after import = 1
========================================================================
Received Import Request.
  Time of request: 2026-10-03T08:44:26.8712437Z
  Time since last request: 0.0094004 seconds.
  importAddress: GUID: 9ebfe8855073a8e40b9234658bee7278 - Path: Assets/D22/UI/d22doodle.png - Importer: ScriptedImporter/UnityEditor.QuickSearchModule:UnityEditor.Search:ASIAI0B
Importing 'GUID: 9ebfe8855073a8e40b9234658bee7278 - Path: Assets/D22/UI/d22doodle.png - Importer: ScriptedImporter/UnityEditor.QuickSearchModule:UnityEditor.Search:ASIAI0B' with importer (ScriptedImporter : UnityEditor.QuickSearchModule:UnityEditor.Search:ASIAI0B)
Imported 'GUID: 9ebfe8855073a8e40b9234658bee7278' -> (Import Result ID: '3fee33980a2e1b883838b8d0c2375df9') in 0.080 seconds [static and dynamic dependencies]. Details - ImportResultOutputID=a05d1ab7ba8f5baedd7d2cea8066372b DependenciesID=e47c0f4ae396e98c12a478e97275944d StaticDependenciesID=930426c106e08e125f47ec50fdbdf637 
Number of updated asset objects reloaded before import = 0
Number of asset objects unloaded after import = 1
========================================================================
Received Import Request.
  Time of request: 2026-10-03T08:44:26.9641239Z
  Time since last request: 0.000408 seconds.
  importAddress: GUID: d103b3f624972442cbf0567f1a81f1ba - Path: Assets/D22/Scripts/Editor/D22EditorStartup.cs - Importer: ScriptedImporter/UnityEditor.QuickSearchModule:UnityEditor.Search:ASIAI0B
Importing 'GUID: d103b3f624972442cbf0567f1a81f1ba - Path: Assets/D22/Scripts/Editor/D22EditorStartup.cs - Importer: ScriptedImporter/UnityEditor.QuickSearchModule:UnityEditor.Search:ASIAI0B' with importer (ScriptedImporter : UnityEditor.QuickSearchModule:UnityEditor.Search:ASIAI0B)
Imported 'GUID: d103b3f624972442cbf0567f1a81f1ba' -> (Import Result ID: '2afa55d8f5f0404217a26cb065aa916f') in 0.011 seconds [static and dynamic dependencies]. Details - ImportResultOutputID=a10c7d14f0be89cda31dc918286f5eb1 DependenciesID=d2cf293e18ea7e65162293ac0ecde7cd StaticDependenciesID=b5cc4c3ae842a8db359e42ba41f243d8 
Number of updated asset objects reloaded before import = 0
Number of asset objects unloaded after import = 0
========================================================================
Received Import Request.
  Time of request: 2026-10-03T08:44:26.9866853Z
  Time since last request: 0.0003456 seconds.
  importAddress: GUID: df8247e58e87e4ac79556290d8131f0e - Path: Assets/D22/Scripts/Runtime/D22GameFlow.cs - Importer: ScriptedImporter/UnityEditor.QuickSearchModule:UnityEditor.Search:ASIAI0B
Importing 'GUID: df8247e58e87e4ac79556290d8131f0e - Path: Assets/D22/Scripts/Runtime/D22GameFlow.cs - Importer: ScriptedImporter/UnityEditor.QuickSearchModule:UnityEditor.Search:ASIAI0B' with importer (ScriptedImporter : UnityEditor.QuickSearchModule:UnityEditor.Search:ASIAI0B)
Imported 'GUID: df8247e58e87e4ac79556290d8131f0e' -> (Import Result ID: 'ec5cbe8cdd590341805f1355cbf04a68') in 0.003 seconds [static and dynamic dependencies]. Details - ImportResultOutputID=7960f129ef8b189f01f3dea3aee3a7d4 DependenciesID=a5900f41390366d1a099bd94685248a8 StaticDependenciesID=678657dfc4e020563e23bc23098d2aa6 
Number of updated asset objects reloaded before import = 0
Number of asset objects unloaded after import = 0
========================================================================
Received Import Request.
  Time of request: 2026-10-03T08:44:27.0010571Z
  Time since last request: 0.0003501 seconds.
  importAddress: GUID: 1f8c0b47e6a54c9d9e2a7b4c5d6e8f01 - Path: Assets/D22/Scripts/Runtime/D22Hunt.cs - Importer: ScriptedImporter/UnityEditor.QuickSearchModule:UnityEditor.Search:ASIAI0B
Importing 'GUID: 1f8c0b47e6a54c9d9e2a7b4c5d6e8f01 - Path: Assets/D22/Scripts/Runtime/D22Hunt.cs - Importer: ScriptedImporter/UnityEditor.QuickSearchModule:UnityEditor.Search:ASIAI0B' with importer (ScriptedImporter : UnityEditor.QuickSearchModule:UnityEditor.Search:ASIAI0B)
Imported 'GUID: 1f8c0b47e6a54c9d9e2a7b4c5d6e8f01' -> (Import Result ID: '44684b41f1bd82f36597d186b850be94') in 0.003 seconds [static and dynamic dependencies]. Details - ImportResultOutputID=4c3db1667ca22c5cc3526ac0621dbbcb DependenciesID=adabd7d72cddf8041c22e8cfae865612 StaticDependenciesID=ffda287a5e63960aaa92f23f030a05d6 
Number of updated asset objects reloaded before import = 0
Number of asset objects unloaded after import = 0
========================================================================
Received Import Request.
  Time of request: 2026-10-03T08:44:27.0173643Z
  Time since last request: 0.0003653 seconds.
  importAddress: GUID: 9022ec0990e1c5f49a8e4838d23acc4f - Path: Assets/D22/Music/knife.aac - Importer: ScriptedImporter/UnityEditor.QuickSearchModule:UnityEditor.Search:ASIAI0B
Importing 'GUID: 9022ec0990e1c5f49a8e4838d23acc4f - Path: Assets/D22/Music/knife.aac - Importer: ScriptedImporter/UnityEditor.QuickSearchModule:UnityEditor.Search:ASIAI0B' with importer (ScriptedImporter : UnityEditor.QuickSearchModule:UnityEditor.Search:ASIAI0B)
Imported 'GUID: 9022ec0990e1c5f49a8e4838d23acc4f' -> (Import Result ID: '64c254966c049d8586e8984dd83c1328') in 0.004 seconds [static and dynamic dependencies]. Details - ImportResultOutputID=daad59373815fd2fd76070465d00f874 DependenciesID=7120839943679eb01a313ffa4c518eb2 StaticDependenciesID=7bdce2bf805fc207ef6c9c5dc080c275 
Number of updated asset objects reloaded before import = 0
Number of asset objects unloaded after import = 1
========================================================================
Received Import Request.
  Time of request: 2026-10-03T08:44:27.0339185Z
  Time since last request: 0.0003713 seconds.
  importAddress: GUID: b325f352896c34c34bb3bb4538ca2a54 - Path: Assets/D22/Scripts/Editor/D22ProjectSetup.cs - Importer: ScriptedImporter/UnityEditor.QuickSearchModule:UnityEditor.Search:ASIAI0B
Importing 'GUID: b325f352896c34c34bb3bb4538ca2a54 - Path: Assets/D22/Scripts/Editor/D22ProjectSetup.cs - Importer: ScriptedImporter/UnityEditor.QuickSearchModule:UnityEditor.Search:ASIAI0B' with importer (ScriptedImporter : UnityEditor.QuickSearchModule:UnityEditor.Search:ASIAI0B)
Imported 'GUID: b325f352896c34c34bb3bb4538ca2a54' -> (Import Result ID: 'f46870cabd1f857a20bdb1d6541073c1') in 0.003 seconds [static and dynamic dependencies]. Details - ImportResultOutputID=db6423a17a01447d69372f3a83f8ce20 DependenciesID=fb2476b408324f61b36bd44316e71659 StaticDependenciesID=74afabfb6ba332f421ab6fb7f6ad5874 
Number of updated asset objects reloaded before import = 0
Number of asset objects unloaded after import = 0
========================================================================
Received Import Request.
  Time of request: 2026-10-03T08:44:27.0510693Z
  Time since last request: 0.0003373 seconds.
  importAddress: GUID: 325642a7bdd8343f3a7838f0d67edf60 - Path: Assets/D22/Scripts/Runtime/D22GameUI.cs - Importer: ScriptedImporter/UnityEditor.QuickSearchModule:UnityEditor.Search:ASIAI0B
Importing 'GUID: 325642a7bdd8343f3a7838f0d67edf60 - Path: Assets/D22/Scripts/Runtime/D22GameUI.cs - Importer: ScriptedImporter/UnityEditor.QuickSearchModule:UnityEditor.Search:ASIAI0B' with importer (ScriptedImporter : UnityEditor.QuickSearchModule:UnityEditor.Search:ASIAI0B)
Imported 'GUID: 325642a7bdd8343f3a7838f0d67edf60' -> (Import Result ID: 'c63c4996f94797c0d4558d9c4580b223') in 0.002 seconds [static and dynamic dependencies]. Details - ImportResultOutputID=0862312a050197092c7249389424e00a DependenciesID=b3cbc505c8984de380f1821ffbf173e0 StaticDependenciesID=19e1c8259a8d7a896be81691545e1986 
Number of updated asset objects reloaded before import = 0
Number of asset objects unloaded after import = 0
========================================================================
Received Import Request.
  Time of request: 2026-10-03T08:44:27.0644992Z
  Time since last request: 0.0003419 seconds.
  importAddress: GUID: bf6d7166bafa43a48830edc9723a0560 - Path: Assets/D22/Music/pigeon.wav - Importer: ScriptedImporter/UnityEditor.QuickSearchModule:UnityEditor.Search:ASIAI0B
Importing 'GUID: bf6d7166bafa43a48830edc9723a0560 - Path: Assets/D22/Music/pigeon.wav - Importer: ScriptedImporter/UnityEditor.QuickSearchModule:UnityEditor.Search:ASIAI0B' with importer (ScriptedImporter : UnityEditor.QuickSearchModule:UnityEditor.Search:ASIAI0B)
Imported 'GUID: bf6d7166bafa43a48830edc9723a0560' -> (Import Result ID: '818f270a11f0113f04ef8f6fb0eee9e2') in 0.013 seconds [static and dynamic dependencies]. Details - ImportResultOutputID=d0a040e5cc3cf9c2e10a3d75d6142601 DependenciesID=f73ce21d1c70ce5124d28cab248c63ae StaticDependenciesID=dd61852295b135a4fbc398eb9bc8c57e 
Number of updated asset objects reloaded before import = 0
Number of asset objects unloaded after import = 1
========================================================================
Received Import Request.
  Time of request: 2026-10-03T08:44:27.0910057Z
  Time since last request: 0.0003205 seconds.
  importAddress: GUID: a4ff78f8501534b37b68b746c630542c - Path: Assets/D22/Scripts/Runtime/D22Story.cs - Importer: ScriptedImporter/UnityEditor.QuickSearchModule:UnityEditor.Search:ASIAI0B
Importing 'GUID: a4ff78f8501534b37b68b746c630542c - Path: Assets/D22/Scripts/Runtime/D22Story.cs - Importer: ScriptedImporter/UnityEditor.QuickSearchModule:UnityEditor.Search:ASIAI0B' with importer (ScriptedImporter : UnityEditor.QuickSearchModule:UnityEditor.Search:ASIAI0B)
Imported 'GUID: a4ff78f8501534b37b68b746c630542c' -> (Import Result ID: '98958eb58cc80581a0f7137e12b45bc5') in 0.003 seconds [static and dynamic dependencies]. Details - ImportResultOutputID=770c228b1f39f99083d39535adec2503 DependenciesID=3f746f9660b1aa90288d81abbd4ecc6e StaticDependenciesID=d1fbd46ad90fd0cefa5c970d31dd0c8b 
Number of updated asset objects reloaded before import = 0
Number of asset objects unloaded after import = 0
========================================================================
Received Prepare
AcceleratorClientConnectionCallback - disconnected - :0
Unloading 25 Unused Serialized files (Serialized files now loaded: 0)
Unloading 31 unused Assets / (3.7 MB). Loaded Objects now: 5335.
Memory consumption went from 301.1 MB to 297.4 MB.
Total: 14.122300 ms (FindLiveObjects: 0.288900 ms CreateObjectMapping: 0.067900 ms MarkObjects: 12.477700 ms  DeleteObjects: 1.073000 ms)

Prepare: number of updated asset objects reloaded= 0
Editor requested this worker to shutdown with reason: Scaling down because of idle timeout
AcceleratorClientConnectionCallback - disconnected - :0
AssetImportWorker is now disconnected from the server
Process exiting
[ExitDontLaunchBugReporter] Exiting without the bug reporter. Application will exit with return code 0
